
> web@0.0.0 dev E:\1project\chat-reader\apps\web
> next dev "-H" "127.0.0.1" "-p" "3001"

  ▲ Next.js 14.2.23
  - Local:        http://127.0.0.1:3001
  - Network:      http://127.0.0.1:3001

 ✓ Starting...
 ✓ Ready in 4.8s
 ○ Compiling / ...
 ✓ Compiled / in 20.6s (7185 modules)
 GET / 200 in 21364ms
 ○ Compiling /conversations/[conversationId] ...
 ✓ Compiled /conversations/[conversationId] in 1822ms (7153 modules)
 GET /conversations/fb82cbed-2861-49b6-80b5-dce5443f6c67 200 in 2690ms
 GET /conversations/fb82cbed-2861-49b6-80b5-dce5443f6c67 200 in 94ms
 GET / 200 in 85ms
 ○ Compiling /manifest.webmanifest ...
 ✓ Compiled /manifest.webmanifest in 1828ms (7176 modules)
 GET /_next/static/css/app/layout.css?v=1784250458104 404 in 2787ms
 GET /manifest.webmanifest 200 in 2703ms
 GET /_next/static/chunks/app-pages-internals.js 404 in 2724ms
 GET /_next/static/chunks/app/page.js 404 in 2723ms
 GET /_next/static/chunks/main-app.js?v=1784250458104 404 in 2743ms
 GET /_next/static/chunks/app/layout.js 404 in 2722ms
 GET / 200 in 227ms
 GET /_next/static/css/app/layout.css?v=1784250463714 404 in 24ms
 GET /_next/static/chunks/main-app.js?v=1784250463714 404 in 68ms
 GET /manifest.webmanifest 200 in 64ms
 GET /_next/static/chunks/app-pages-internals.js 404 in 66ms
 GET /_next/static/chunks/app/page.js 404 in 65ms
 GET /_next/static/chunks/app/layout.js 404 in 62ms
[?25h
