
> web@0.0.0 dev E:\1project\chat-reader\apps\web
> next dev "-H" "127.0.0.1" "-p" "3013"

  ▲ Next.js 14.2.23
  - Local:        http://127.0.0.1:3013
  - Network:      http://127.0.0.1:3013

 ✓ Starting...
 ✓ Ready in 3.3s
 ○ Compiling / ...
 ✓ Compiled / in 12.5s (7097 modules)
 GET / 200 in 2673ms
 ○ Compiling /share/[token] ...
 ✓ Compiled /share/[token] in 5.3s (7059 modules)
 GET /share/Rqt5CIb2EuAjfx6I91tnRnPGs_3rA9QnhoMkIDZ4oxQ 200 in 7307ms
 ○ Compiling /manifest.webmanifest ...
 ✓ Compiled /manifest.webmanifest in 2.8s (3362 modules)
 GET /manifest.webmanifest 200 in 3874ms
 GET /share/Rqt5CIb2EuAjfx6I91tnRnPGs_3rA9QnhoMkIDZ4oxQ 200 in 295ms
 GET /manifest.webmanifest 200 in 34ms
 ○ Compiling /conversations/[conversationId] ...
 ✓ Compiled /conversations/[conversationId] in 1897ms (7164 modules)
 GET /conversations/fb82cbed-2861-49b6-80b5-dce5443f6c67 200 in 2829ms
 GET /manifest.webmanifest 200 in 40ms
 ✓ Compiled in 6.7s (7144 modules)
 ○ Compiling /manifest.webmanifest ...
 ✓ Compiled /manifest.webmanifest in 1887ms (3425 modules)
 GET /manifest.webmanifest 200 in 3273ms
 GET /manifest.webmanifest 200 in 14ms
 GET /conversations/fb82cbed-2861-49b6-80b5-dce5443f6c67 200 in 655ms
 GET /manifest.webmanifest 200 in 37ms
 GET /conversations/fb82cbed-2861-49b6-80b5-dce5443f6c67 200 in 116ms
 GET /manifest.webmanifest 200 in 52ms
 GET /conversations/fb82cbed-2861-49b6-80b5-dce5443f6c67 200 in 54ms
 GET /manifest.webmanifest 200 in 27ms
 ○ Compiling / ...
 ✓ Compiled / in 2.1s (3439 modules)
 GET / 200 in 2488ms
 GET /manifest.webmanifest 200 in 41ms
 GET /conversations/fb82cbed-2861-49b6-80b5-dce5443f6c67 200 in 95ms
 GET /manifest.webmanifest 200 in 27ms
 GET /share/Rqt5CIb2EuAjfx6I91tnRnPGs_3rA9QnhoMkIDZ4oxQ 200 in 88ms
 GET /manifest.webmanifest 200 in 34ms
[?25h
