
> web@0.0.0 dev E:\1project\chat-reader\apps\web
> next dev "-H" "127.0.0.1" "-p" "3015"

  ▲ Next.js 14.2.23
  - Local:        http://127.0.0.1:3015
  - Network:      http://127.0.0.1:3015

 ✓ Starting...
 ✓ Ready in 4.6s
 ○ Compiling / ...
 ✓ Compiled / in 59.6s (7206 modules)
 GET / 200 in 113ms
 ○ Compiling /conversations/[conversationId] ...
 ✓ Compiled /conversations/[conversationId] in 2.5s (7172 modules)
 GET /conversations/fb82cbed-2861-49b6-80b5-dce5443f6c67 200 in 3635ms
 ○ Compiling /manifest.webmanifest ...
 ✓ Compiled /manifest.webmanifest in 1083ms (3442 modules)
 GET /manifest.webmanifest 200 in 1997ms
 ✓ Compiled in 3.1s (7172 modules)
 GET /conversations/fb82cbed-2861-49b6-80b5-dce5443f6c67?_rsc=22gbp 200 in 332ms
 ○ Compiling /manifest.webmanifest ...
 ✓ Compiled /manifest.webmanifest in 776ms (3442 modules)
 GET /manifest.webmanifest 200 in 1857ms
 ✓ Compiled in 1653ms (7206 modules)
 GET /conversations/fb82cbed-2861-49b6-80b5-dce5443f6c67?_rsc=22gbp 200 in 198ms
 ✓ Compiled in 1490ms (7172 modules)
 GET /conversations/fb82cbed-2861-49b6-80b5-dce5443f6c67?_rsc=22gbp 200 in 309ms
 GET /conversations/fb82cbed-2861-49b6-80b5-dce5443f6c67 200 in 573ms
 ○ Compiling /manifest.webmanifest ...
 ✓ Compiled /manifest.webmanifest in 1570ms (3442 modules)
 GET /manifest.webmanifest 200 in 3015ms
 ✓ Compiled in 3.6s (7206 modules)
 GET /conversations/fb82cbed-2861-49b6-80b5-dce5443f6c67?_rsc=22gbp 200 in 677ms
 ✓ Compiled in 1523ms (3764 modules)
 GET /conversations/fb82cbed-2861-49b6-80b5-dce5443f6c67?_rsc=22gbp 200 in 53ms
 GET /manifest.webmanifest 200 in 29ms
 ✓ Compiled in 1322ms (7206 modules)
 GET /conversations/fb82cbed-2861-49b6-80b5-dce5443f6c67?_rsc=22gbp 200 in 167ms
 ✓ Compiled in 16.3s (7172 modules)
 GET /conversations/fb82cbed-2861-49b6-80b5-dce5443f6c67?_rsc=22gbp 200 in 189ms
 ✓ Compiled in 14.6s (7172 modules)
 GET /conversations/fb82cbed-2861-49b6-80b5-dce5443f6c67?_rsc=22gbp 200 in 257ms
 ✓ Compiled in 3.8s (7172 modules)
 GET /conversations/fb82cbed-2861-49b6-80b5-dce5443f6c67?_rsc=22gbp 200 in 247ms
[?25h
