
> web@0.0.0 dev E:\1project\chat-reader\apps\web
> next dev "-H" "127.0.0.1" "-p" "3016"

  ▲ Next.js 14.2.23
  - Local:        http://127.0.0.1:3016
  - Network:      http://127.0.0.1:3016

 ✓ Starting...
 ✓ Ready in 3.4s
 ○ Compiling /conversations/[conversationId] ...
 ✓ Compiled /conversations/[conversationId] in 30.1s (7149 modules)
 GET /conversations/fb82cbed-2861-49b6-80b5-dce5443f6c67?qa=r151new 200 in 33887ms
 GET /conversations/fb82cbed-2861-49b6-80b5-dce5443f6c67?qa=r151new 200 in 401ms
 GET /conversations/fb82cbed-2861-49b6-80b5-dce5443f6c67?qa=r151new 200 in 152ms
 ○ Compiling /manifest.webmanifest ...
 ✓ Compiled /manifest.webmanifest in 2.6s (3443 modules)
 GET /manifest.webmanifest 200 in 3819ms
 ✓ Compiled in 7.4s (7163 modules)
 GET /conversations/fb82cbed-2861-49b6-80b5-dce5443f6c67?qa=r151new&_rsc=182kt 200 in 830ms
 ✓ Compiled in 1632ms (3754 modules)
 GET /conversations/fb82cbed-2861-49b6-80b5-dce5443f6c67?qa=r151new&_rsc=182kt 200 in 94ms
 ○ Compiling /manifest.webmanifest ...
 ✓ Compiled /manifest.webmanifest in 809ms (3443 modules)
 GET /manifest.webmanifest 200 in 2011ms
 ✓ Compiled in 2.6s (7163 modules)
 GET /conversations/fb82cbed-2861-49b6-80b5-dce5443f6c67?qa=r151new&_rsc=182kt 200 in 362ms
 ✓ Compiled in 1142ms (3754 modules)
 GET /conversations/fb82cbed-2861-49b6-80b5-dce5443f6c67?qa=r151new&_rsc=182kt 200 in 77ms
 ○ Compiling /share/[token] ...
 ✓ Compiled /share/[token] in 1552ms (7156 modules)
 GET /share/Rqt5CIb2EuAjfx6I91tnRnPGs_3rA9QnhoMkIDZ4oxQ 200 in 2526ms
 ○ Compiling /manifest.webmanifest ...
 ✓ Compiled /manifest.webmanifest in 552ms (3448 modules)
 GET /manifest.webmanifest 200 in 1430ms
 GET /conversations/fb82cbed-2861-49b6-80b5-dce5443f6c67?qa=r151new 200 in 344ms
 GET /manifest.webmanifest 200 in 26ms
 ○ Compiling /_not-found ...
 ✓ Compiled /_not-found in 1205ms (7159 modules)
 GET /_next/static/chunks/_app-pages-browser_node_modules_pnpm_shiki_4_3_1_node_modules_shiki_dist_index_mjs.js 404 in 1461ms
[?25h
