
> web@0.0.0 dev E:\1project\chat-reader\apps\web
> next dev "-H" "127.0.0.1" "-p" "3015"

  ▲ Next.js 14.2.23
  - Local:        http://127.0.0.1:3015
  - Network:      http://127.0.0.1:3015

 ✓ Starting...
 ✓ Ready in 7.9s
 ○ Compiling /conversations/[conversationId] ...
 ✓ Compiled /conversations/[conversationId] in 44.3s (7235 modules)
 GET /conversations/fb82cbed-2861-49b6-80b5-dce5443f6c67 200 in 46671ms
 ○ Compiling /manifest.webmanifest ...
 ✓ Compiled /manifest.webmanifest in 4.8s (3442 modules)
 GET /manifest.webmanifest 200 in 6310ms
 ✓ Compiled in 2.1s (7161 modules)
 GET /conversations/fb82cbed-2861-49b6-80b5-dce5443f6c67?_rsc=22gbp 200 in 235ms
 ○ Compiling /manifest.webmanifest ...
 ✓ Compiled /manifest.webmanifest in 525ms (3442 modules)
 GET /manifest.webmanifest 200 in 1532ms
 ✓ Compiled in 1759ms (7195 modules)
 GET /conversations/fb82cbed-2861-49b6-80b5-dce5443f6c67?_rsc=22gbp 200 in 169ms
 ✓ Compiled in 662ms (3753 modules)
 GET /conversations/fb82cbed-2861-49b6-80b5-dce5443f6c67?_rsc=22gbp 200 in 54ms
 ✓ Compiled in 1831ms (7195 modules)
 GET /conversations/fb82cbed-2861-49b6-80b5-dce5443f6c67?_rsc=22gbp 200 in 208ms
 ✓ Compiled in 7.4s (7161 modules)
 GET /conversations/fb82cbed-2861-49b6-80b5-dce5443f6c67?_rsc=22gbp 200 in 280ms
 GET /conversations/fb82cbed-2861-49b6-80b5-dce5443f6c67 200 in 416ms
 ○ Compiling /manifest.webmanifest ...
 ✓ Compiled /manifest.webmanifest in 648ms (3442 modules)
 GET /manifest.webmanifest 200 in 1637ms
 ✓ Compiled in 1962ms (7195 modules)
 GET /conversations/fb82cbed-2861-49b6-80b5-dce5443f6c67?_rsc=22gbp 200 in 301ms
 GET /manifest.webmanifest 200 in 48ms
 ✓ Compiled in 609ms (3753 modules)
 GET /conversations/fb82cbed-2861-49b6-80b5-dce5443f6c67?_rsc=22gbp 200 in 49ms
 GET /conversations/fb82cbed-2861-49b6-80b5-dce5443f6c67 200 in 374ms
 GET /manifest.webmanifest 200 in 30ms
 ✓ Compiled in 2.2s (7161 modules)
 GET /conversations/fb82cbed-2861-49b6-80b5-dce5443f6c67?_rsc=22gbp 200 in 416ms
 ✓ Compiled /manifest.webmanifest in 1358ms (7195 modules)
 GET /manifest.webmanifest 200 in 1325ms
 GET /conversations/fb82cbed-2861-49b6-80b5-dce5443f6c67?_rsc=22gbp 200 in 963ms
[?25h
